+-------------------------------+
| m                             |
+-------------------------------+
| === BEFORE iot_video_view === |
+-------------------------------+
+---------+----------+
| creator | COUNT(*) |
+---------+----------+
| 144     |        4 |
| 1       |       13 |
+---------+----------+
+------------------------------+
| m                            |
+------------------------------+
| === AFTER iot_video_view === |
+------------------------------+
+---------+----------+
| creator | COUNT(*) |
+---------+----------+
| 143     |       17 |
+---------+----------+
+-----------------------------------+
| m                                 |
+-----------------------------------+
| === AFTER iot_video_view_pane === |
+-----------------------------------+
+---------+----------+
| creator | COUNT(*) |
+---------+----------+
| 143     |      104 |
+---------+----------+
+------------------------------------+
| m                                  |
+------------------------------------+
| === AFTER iot_video_view_group === |
+------------------------------------+
+---------+----------+
| creator | COUNT(*) |
+---------+----------+
| 143     |        4 |
+---------+----------+
