+--------------------+
| msg                |
+--------------------+
| === FIX BEFORE === |
+--------------------+
+----------+-----+
| space_id | cnt |
+----------+-----+
|     NULL |  25 |
|     1002 |   4 |
|     1003 |   2 |
|     2002 |   1 |
|     2003 |   1 |
|     2005 |   6 |
+----------+-----+
+--------------+
| rows_updated |
+--------------+
|            6 |
+--------------+
+-------------------+
| msg               |
+-------------------+
| === FIX AFTER === |
+-------------------+
+----------+-----+
| space_id | cnt |
+----------+-----+
|     NULL |  25 |
|     1002 |   4 |
|     1003 |   2 |
|     2002 |   1 |
|     2003 |   1 |
|     2021 |   6 |
+----------+-----+
+-------------------------+
| msg                     |
+-------------------------+
| === INTEGRITY CHECK === |
+-------------------------+
+--------------+------------------+-------------+-------+
| null_or_zero | pointing_to_t162 | true_orphan | total |
+--------------+------------------+-------------+-------+
|           25 |                6 |           0 |    39 |
+--------------+------------------+-------------+-------+
