+--------------------------+
| m                        |
+--------------------------+
| === bac_alarm BEFORE === |
+--------------------------+
+-------------+-----------+----------+
| device_type | device_id | COUNT(*) |
+-------------+-----------+----------+
|           1 |         3 |        1 |
|           1 |        10 |        1 |
|           1 |        13 |        1 |
|           1 |        16 |        1 |
|           2 |         5 |        1 |
|           2 |         8 |        1 |
+-------------+-----------+----------+
+-------------------------+
| m                       |
+-------------------------+
| === bac_alarm AFTER === |
+-------------------------+
+-------------+-----------+----------+
| device_type | device_id | COUNT(*) |
+-------------+-----------+----------+
|           1 |        21 |        1 |
|           1 |        28 |        1 |
|           1 |        31 |        1 |
|           1 |        34 |        1 |
|           2 |        13 |        1 |
|           2 |        16 |        1 |
+-------------+-----------+----------+
+------------------------+
| m                      |
+------------------------+
| === bac_log BEFORE === |
+------------------------+
+-------------+-----------+----------+
| device_type | device_id | COUNT(*) |
+-------------+-----------+----------+
|           1 |         1 |        1 |
|           1 |         2 |        1 |
|           1 |         3 |        1 |
|           1 |         5 |        1 |
|           1 |        16 |        1 |
|           2 |         1 |        1 |
|           2 |         3 |        1 |
|           2 |         6 |        1 |
+-------------+-----------+----------+
+-----------------------+
| m                     |
+-----------------------+
| === bac_log AFTER === |
+-----------------------+
+-------------+-----------+----------+
| device_type | device_id | COUNT(*) |
+-------------+-----------+----------+
|           1 |        19 |        1 |
|           1 |        20 |        1 |
|           1 |        21 |        1 |
|           1 |        23 |        1 |
|           1 |        34 |        1 |
|           2 |         9 |        1 |
|           2 |        11 |        1 |
|           2 |        14 |        1 |
+-------------+-----------+----------+
+----------------------------+
| m                          |
+----------------------------+
| === light_alarm BEFORE === |
+----------------------------+
+-------------+-----------+----------+
| device_type | device_id | COUNT(*) |
+-------------+-----------+----------+
|           1 |         7 |        1 |
|           1 |        10 |        1 |
|           2 |         2 |        1 |
|           3 |         3 |        1 |
+-------------+-----------+----------+
+---------------------------+
| m                         |
+---------------------------+
| === light_alarm AFTER === |
+---------------------------+
+-------------+-----------+----------+
| device_type | device_id | COUNT(*) |
+-------------+-----------+----------+
|           1 |        21 |        1 |
|           1 |        24 |        1 |
|           2 |         5 |        1 |
|           3 |         7 |        1 |
+-------------+-----------+----------+
+-----------------------------+
| m                           |
+-----------------------------+
| === light_op_log BEFORE === |
+-----------------------------+
+-------------+-----------+----------+
| target_type | target_id | COUNT(*) |
+-------------+-----------+----------+
|           1 |         1 |        1 |
|           1 |         5 |        1 |
|           1 |         9 |        1 |
|           2 |         1 |        1 |
|           2 |         2 |        1 |
|           3 |         1 |        1 |
+-------------+-----------+----------+
+----------------------------+
| m                          |
+----------------------------+
| === light_op_log AFTER === |
+----------------------------+
+-------------+-----------+----------+
| target_type | target_id | COUNT(*) |
+-------------+-----------+----------+
|           1 |        15 |        1 |
|           1 |        19 |        1 |
|           1 |        23 |        1 |
|           2 |         6 |        1 |
|           2 |         7 |        1 |
|           3 |         4 |        1 |
+-------------+-----------+----------+
