+-------------------------------------------------+
| section                                         |
+-------------------------------------------------+
| === MISMATCH (excluding documented orphans) === |
+-------------------------------------------------+
+-------+---------------------------+--------+----------+------+------+
| phase | tbl                       | t1_cnt | t162_cnt | diff | note |
+-------+---------------------------+--------+----------+------+------+
|     1 | ibms_product              |     22 |       19 |    3 |      |
|     1 | ibms_product_point_type   |     22 |       17 |    5 |      |
|     1 | ibms_product_property     |     19 |       18 |    1 |      |
|     1 | iot_product_category      |     12 |        8 |    4 |      |
|     1 | iot_scheduled_task_config |      5 |        2 |    3 |      |
|     1 | iot_thing_model           |    139 |       66 |   73 |      |
+-------+---------------------------+--------+----------+------+------+
+---------------------------------+
| section                         |
+---------------------------------+
| === DOCUMENTED ORPHAN DROPS === |
+---------------------------------+
+-------+---------------------+--------+----------+------+----------------------------+
| phase | tbl                 | t1_cnt | t162_cnt | diff | note                       |
+-------+---------------------+--------+----------+------+----------------------------+
|     2 | ibms_energy_alarm   |     12 |        7 |    5 | 5 行源孤儿丢弃             |
|     3 | iot_alarm_zone      |     13 |        8 |    5 | 5 行源孤儿丢弃             |
|     3 | iot_video_view_pane |    107 |      104 |    3 | 3 行 view_id 孤儿丢弃      |
+-------+---------------------+--------+----------+------+----------------------------+
+----------------------------------+
| section                          |
+----------------------------------+
| === TOTAL ROW COUNT BY PHASE === |
+----------------------------------+
+-------+----------+------------+------------+--------+
| phase | t1_total | t162_total | diff_total | tables |
+-------+----------+------------+------------+--------+
|     1 |      250 |        161 |         89 |     10 |
|     2 |      645 |        640 |          5 |     27 |
|     3 |     3186 |       3178 |          8 |     32 |
|     4 |    14659 |      14659 |          0 |     38 |
+-------+----------+------------+------------+--------+
+---------------------+
| section             |
+---------------------+
| === GRAND TOTAL === |
+---------------------+
+----------+------------+------------+--------------+
| t1_grand | t162_grand | diff_grand | total_tables |
+----------+------------+------------+--------------+
|    18740 |      18638 |        102 |          107 |
+----------+------------+------------+--------------+
